2025-12-05 08:37:00 | DEBUG | repo=pv243-2015-security-seminar | action=commit
2025-11-27 17:43:00 | INFO | repo=pv243-2015-security-seminar | action=commit
2025-05-06 08:31:00 | INFO | repo=pv243-2015-security-seminar | action=commit
2025-01-20 14:30:00 | WARN | repo=pv243-2015-security-seminar | action=commit
2025-02-02 19:27:00 | DEBUG | repo=pv243-2015-security-seminar | action=commit
2025-08-13 20:27:00 | WARN | repo=pv243-2015-security-seminar | action=commit
2025-06-05 21:52:00 | DEBUG | repo=pv243-2015-security-seminar | action=commit
2025-11-21 19:53:00 | WARN | repo=pv243-2015-security-seminar | action=test | passed=true
2025-09-08 13:21:00 | INFO | repo=pv243-2015-security-seminar | action=test | passed=true
2025-06-06 11:33:00 | DEBUG | repo=pv243-2015-security-seminar | action=commit
2025-03-21 08:26:00 | DEBUG | repo=pv243-2015-security-seminar | action=commit
2025-06-22 12:17:00 | DEBUG | repo=pv243-2015-security-seminar | action=edit | files=4
2025-08-01 10:17:00 | WARN | repo=pv243-2015-security-seminar | action=commit
2025-01-04 19:51:00 | INFO | repo=pv243-2015-security-seminar | action=commit
2025-08-03 16:30:00 | DEBUG | repo=pv243-2015-security-seminar | action=edit | files=2
2025-10-17 07:44:00 | WARN | repo=pv243-2015-security-seminar | action=edit | files=1
2025-08-12 11:23:00 | WARN | repo=pv243-2015-security-seminar | action=pull
2025-07-12 15:20:00 | INFO | repo=pv243-2015-security-seminar | action=test | passed=true
2025-09-01 21:55:00 | INFO | repo=pv243-2015-security-seminar | action=commit
2025-10-11 19:01:00 | INFO | repo=pv243-2015-security-seminar | action=test | passed=true
2025-08-23 19:38:00 | DEBUG | repo=pv243-2015-security-seminar | action=commit
2025-01-21 08:14:00 | WARN | repo=pv243-2015-security-seminar | action=commit
2025-09-04 10:47:00 | WARN | repo=pv243-2015-security-seminar | action=commit
2025-02-09 18:10:00 | WARN | repo=pv243-2015-security-seminar | action=edit | files=2
2025-07-23 07:09:00 | WARN | repo=pv243-2015-security-seminar | action=commit
2025-02-21 16:20:00 | DEBUG | repo=pv243-2015-security-seminar | action=commit
2025-02-10 07:25:00 | DEBUG | repo=pv243-2015-security-seminar | action=pull
2025-05-01 13:03:00 | WARN | repo=pv243-2015-security-seminar | action=pull
2025-09-22 12:05:00 | DEBUG | repo=pv243-2015-security-seminar | action=pull
2025-08-04 14:13:00 | DEBUG | repo=pv243-2015-security-seminar | action=commit
2025-03-13 15:39:00 | DEBUG | repo=pv243-2015-security-seminar | action=commit
2025-10-01 08:21:00 | WARN | repo=pv243-2015-security-seminar | action=commit
2025-04-17 09:25:00 | INFO | repo=pv243-2015-security-seminar | action=commit
2025-01-21 07:35:00 | WARN | repo=pv243-2015-security-seminar | action=pull
2025-09-07 19:23:00 | INFO | repo=pv243-2015-security-seminar | action=pull
2025-01-26 21:21:00 | WARN | repo=pv243-2015-security-seminar | action=test | passed=true
2025-04-09 09:33:00 | INFO | repo=pv243-2015-security-seminar | action=commit
